// Jest Snapshot v1, https://goo.gl/fbAQLP

exports[`on homescreen bottom tab mount should match the snapshot 1`] = `null`;
