// Jest Snapshot v1, https://goo.gl/fbAQLP

exports[`on landing to scanner screen should render scanner screen correctly 1`] = `null`;
