// Jest Snapshot v1, https://goo.gl/fbAQLP

exports[`on landing to SchoolDevicesList should render SchoolDevicesList correctly 1`] = `null`;
