// Jest Snapshot v1, https://goo.gl/fbAQLP

exports[`on landing to SetPasscode screen should render SetPasscode correctly 1`] = `null`;
