// Jest Snapshot v1, https://goo.gl/fbAQLP

exports[`on splash screen animation launch renders splashscreen correctly 1`] = `null`;
