// Jest Snapshot v1, https://goo.gl/fbAQLP

exports[`on Equalizer screen mounting renders Equalizer screen correctly 1`] = `null`;
