// Jest Snapshot v1, https://goo.gl/fbAQLP

exports[`on Input screen mounting renders Input screen correctly 1`] = `null`;
