// Jest Snapshot v1, https://goo.gl/fbAQLP

exports[`on Output screen mounting renders Output screen correctly 1`] = `null`;
