// Jest Snapshot v1, https://goo.gl/fbAQLP

exports[`on successful auth with BLE should renders volumes screen correctly 1`] = `null`;
