// Jest Snapshot v1, https://goo.gl/fbAQLP

exports[`on homescreen bottom tab mount renders network correctly 1`] = `null`;
